{"level":"info","message":"User logged out","timestamp":"2025-10-04T05:04:29.570Z"}
{"level":"info","message":"Successful login for user: superadmin@example.com","timestamp":"2025-10-04T05:04:35.490Z"}
{"level":"error","message":"Invalid user ID format: No additional error info","status":400,"timestamp":"2025-10-04T05:04:35.629Z"}
{"level":"info","message":"User logged out","timestamp":"2025-10-04T05:04:35.640Z"}
{"level":"info","message":"Successful login for user: superadmin@example.com","timestamp":"2025-10-04T05:06:10.045Z"}
{"level":"error","message":"Unauthorized access: No additional error info","status":403,"timestamp":"2025-10-04T05:06:10.229Z"}
{"level":"error","message":"Only admins can list users: No additional error info","status":403,"timestamp":"2025-10-04T05:06:12.947Z"}
{"level":"error","message":"Only admins can list users: No additional error info","status":403,"timestamp":"2025-10-04T05:07:59.577Z"}
{"level":"error","message":"Unauthorized access: No additional error info","status":403,"timestamp":"2025-10-04T05:07:59.762Z"}
{"level":"error","message":"Only admins can list users: No additional error info","status":403,"timestamp":"2025-10-04T05:09:32.424Z"}
{"level":"error","message":"Unauthorized access: No additional error info","status":403,"timestamp":"2025-10-04T05:09:32.463Z"}
{"level":"error","message":"Failed to retrieve users: Cannot read properties of undefined (reading 'name')","stack":"TypeError: Cannot read properties of undefined (reading 'name')\n    at exports.listUsers (E:\\virgo\\backend\\controllers\\userController.js:34:71)\n    at Layer.handleRequest (E:\\virgo\\backend\\node_modules\\router\\lib\\layer.js:152:17)\n    at next (E:\\virgo\\backend\\node_modules\\router\\lib\\route.js:157:13)\n    at module.exports (E:\\virgo\\backend\\middleware\\auth.js:11:5)\n    at Layer.handleRequest (E:\\virgo\\backend\\node_modules\\router\\lib\\layer.js:152:17)\n    at next (E:\\virgo\\backend\\node_modules\\router\\lib\\route.js:157:13)\n    at Route.dispatch (E:\\virgo\\backend\\node_modules\\router\\lib\\route.js:117:3)\n    at handle (E:\\virgo\\backend\\node_modules\\router\\index.js:435:11)\n    at Layer.handleRequest (E:\\virgo\\backend\\node_modules\\router\\lib\\layer.js:152:17)\n    at E:\\virgo\\backend\\node_modules\\router\\index.js:295:15","status":500,"timestamp":"2025-10-04T05:16:31.010Z"}
{"level":"error","message":"Unauthorized access: No additional error info","status":403,"timestamp":"2025-10-04T05:16:31.465Z"}
{"level":"error","message":"Failed to retrieve users: Cannot read properties of undefined (reading 'name')","stack":"TypeError: Cannot read properties of undefined (reading 'name')\n    at exports.listUsers (E:\\virgo\\backend\\controllers\\userController.js:34:71)\n    at Layer.handleRequest (E:\\virgo\\backend\\node_modules\\router\\lib\\layer.js:152:17)\n    at next (E:\\virgo\\backend\\node_modules\\router\\lib\\route.js:157:13)\n    at module.exports (E:\\virgo\\backend\\middleware\\auth.js:11:5)\n    at Layer.handleRequest (E:\\virgo\\backend\\node_modules\\router\\lib\\layer.js:152:17)\n    at next (E:\\virgo\\backend\\node_modules\\router\\lib\\route.js:157:13)\n    at Route.dispatch (E:\\virgo\\backend\\node_modules\\router\\lib\\route.js:117:3)\n    at handle (E:\\virgo\\backend\\node_modules\\router\\index.js:435:11)\n    at Layer.handleRequest (E:\\virgo\\backend\\node_modules\\router\\lib\\layer.js:152:17)\n    at E:\\virgo\\backend\\node_modules\\router\\index.js:295:15","status":500,"timestamp":"2025-10-04T05:17:25.183Z"}
{"level":"error","message":"Unauthorized access: No additional error info","status":403,"timestamp":"2025-10-04T05:17:25.400Z"}
{"level":"info","message":"User logged out","timestamp":"2025-10-04T05:20:16.699Z"}
{"level":"info","message":"Successful login for user: superadmin@example.com","timestamp":"2025-10-04T05:20:26.122Z"}
{"level":"info","message":"User logged out","timestamp":"2025-10-04T05:20:26.229Z"}
{"level":"info","message":"Successful login for user: superadmin@example.com","timestamp":"2025-10-04T05:21:05.285Z"}
{"level":"info","message":"User logged out","timestamp":"2025-10-04T05:21:05.406Z"}
{"level":"info","message":"User logged out","timestamp":"2025-10-04T05:21:05.427Z"}
{"level":"info","message":"Successful login for user: superadmin@example.com","timestamp":"2025-10-04T05:23:13.874Z"}
{"level":"error","message":"Unauthorized access: No additional error info","status":403,"timestamp":"2025-10-04T05:23:14.023Z"}
{"level":"error","message":"Failed to retrieve users: Role is associated to User using an alias. You've included an alias (Role), but it does not match the alias(es) defined in your association (role).","stack":"SequelizeEagerLoadingError: Role is associated to User using an alias. You've included an alias (Role), but it does not match the alias(es) defined in your association (role).\n    at User._getIncludedAssociation (E:\\virgo\\backend\\node_modules\\sequelize\\lib\\model.js:574:15)\n    at User._validateIncludedElement (E:\\virgo\\backend\\node_modules\\sequelize\\lib\\model.js:502:53)\n    at E:\\virgo\\backend\\node_modules\\sequelize\\lib\\model.js:421:37\n    at Array.map (<anonymous>)\n    at User._validateIncludedElements (E:\\virgo\\backend\\node_modules\\sequelize\\lib\\model.js:417:39)\n    at User.findAll (E:\\virgo\\backend\\node_modules\\sequelize\\lib\\model.js:1124:12)\n    at process.processTicksAndRejections (node:internal/process/task_queues:105:5)\n    at async exports.listUsers (E:\\virgo\\backend\\controllers\\userController.js:38:19)","status":500,"timestamp":"2025-10-04T05:23:42.731Z"}
{"level":"info","message":"Retrieved 2 users by user: 1f0a18b6-a0da-11f0-b1b4-f875a42d8cde","timestamp":"2025-10-04T05:25:05.066Z"}
{"level":"error","message":"Unauthorized access: No additional error info","status":403,"timestamp":"2025-10-04T05:25:05.123Z"}
{"level":"error","message":"Unauthorized access: No additional error info","status":403,"timestamp":"2025-10-04T05:27:02.302Z"}
{"level":"info","message":"Retrieved 2 users by user: 1f0a18b6-a0da-11f0-b1b4-f875a42d8cde","timestamp":"2025-10-04T05:27:02.314Z"}
{"level":"error","message":"Unauthorized access: No additional error info","status":403,"timestamp":"2025-10-04T05:29:47.842Z"}
{"level":"info","message":"Retrieved 2 users by user: 1f0a18b6-a0da-11f0-b1b4-f875a42d8cde","timestamp":"2025-10-04T05:29:47.853Z"}
{"level":"error","message":"Unauthorized access: No additional error info","status":403,"timestamp":"2025-10-04T05:32:23.057Z"}
{"level":"info","message":"Retrieved 2 users by user: 1f0a18b6-a0da-11f0-b1b4-f875a42d8cde","timestamp":"2025-10-04T05:32:23.063Z"}
{"level":"error","message":"Unauthorized access: No additional error info","status":403,"timestamp":"2025-10-04T05:37:26.688Z"}
{"level":"info","message":"Retrieved 2 users by user: 1f0a18b6-a0da-11f0-b1b4-f875a42d8cde","timestamp":"2025-10-04T05:37:26.698Z"}
{"level":"error","message":"Unauthorized access: No additional error info","status":403,"timestamp":"2025-10-04T05:48:37.799Z"}
{"level":"info","message":"Retrieved 2 users by user: 1f0a18b6-a0da-11f0-b1b4-f875a42d8cde","timestamp":"2025-10-04T05:48:37.808Z"}
{"level":"error","message":"Unauthorized access: No additional error info","status":403,"timestamp":"2025-10-04T05:56:50.240Z"}
{"level":"info","message":"Retrieved 2 users by user: 1f0a18b6-a0da-11f0-b1b4-f875a42d8cde","timestamp":"2025-10-04T05:56:50.250Z"}
{"level":"error","message":"Unauthorized access: No additional error info","status":403,"timestamp":"2025-10-04T06:02:36.875Z"}
{"level":"error","message":"Unauthorized access: No additional error info","status":403,"timestamp":"2025-10-04T06:08:57.891Z"}
{"level":"error","message":"Unauthorized access: No additional error info","status":403,"timestamp":"2025-10-04T06:08:58.446Z"}
{"level":"info","message":"Retrieved 0 contact submissions by user: 1f0a18b6-a0da-11f0-b1b4-f875a42d8cde","timestamp":"2025-10-04T06:10:55.600Z"}
{"level":"error","message":"Unauthorized access: No additional error info","status":403,"timestamp":"2025-10-04T06:13:16.126Z"}
{"level":"info","message":"Retrieved 3 roles by user: unknown","timestamp":"2025-10-04T06:14:27.491Z"}
{"level":"error","message":"Unauthorized access: No additional error info","status":403,"timestamp":"2025-10-04T06:14:32.558Z"}
{"level":"info","message":"Retrieved 0 contact submissions by user: 1f0a18b6-a0da-11f0-b1b4-f875a42d8cde","timestamp":"2025-10-04T06:14:32.588Z"}
{"level":"info","message":"Retrieved 3 roles by user: unknown","timestamp":"2025-10-04T06:14:34.510Z"}
{"level":"info","message":"Retrieved 37 catalogues","timestamp":"2025-10-04T06:15:15.513Z"}
{"level":"info","message":"Retrieved 0 contact submissions by user: 1f0a18b6-a0da-11f0-b1b4-f875a42d8cde","timestamp":"2025-10-04T06:20:56.245Z"}
{"level":"info","message":"User logged out","timestamp":"2025-10-04T07:04:41.428Z"}
{"level":"info","message":"Successful login for user: superadmin@example.com","timestamp":"2025-10-04T07:04:49.958Z"}
{"level":"info","message":"User logged out","timestamp":"2025-10-04T07:04:50.038Z"}
{"level":"error","message":"Unauthorized access: No additional error info","status":403,"timestamp":"2025-10-04T07:04:50.043Z"}
{"level":"info","message":"Successful login for user: superadmin@example.com","timestamp":"2025-10-04T07:05:05.724Z"}
{"level":"error","message":"Unauthorized access: No additional error info","status":403,"timestamp":"2025-10-04T07:05:05.809Z"}
{"level":"info","message":"Retrieved 2 users by user: 1f0a18b6-a0da-11f0-b1b4-f875a42d8cde","timestamp":"2025-10-04T07:05:09.433Z"}
{"level":"error","message":"Unauthorized access: No additional error info","status":403,"timestamp":"2025-10-04T07:19:26.118Z"}
{"level":"info","message":"Retrieved 37 catalogues","timestamp":"2025-10-04T07:19:43.647Z"}
{"level":"info","message":"Retrieved 2 users by user: 1f0a18b6-a0da-11f0-b1b4-f875a42d8cde","timestamp":"2025-10-04T07:20:41.897Z"}
{"level":"info","message":"Retrieved 3 roles by user: unknown","timestamp":"2025-10-04T07:23:28.991Z"}
{"level":"info","message":"Retrieved 37 catalogues","timestamp":"2025-10-04T07:23:52.074Z"}
{"level":"info","message":"Retrieved 0 contact submissions by user: 1f0a18b6-a0da-11f0-b1b4-f875a42d8cde","timestamp":"2025-10-04T07:27:03.380Z"}
{"level":"info","message":"Retrieved 2 users by user: 1f0a18b6-a0da-11f0-b1b4-f875a42d8cde","timestamp":"2025-10-04T07:52:01.444Z"}
{"level":"info","message":"Retrieved 3 roles by user: unknown","timestamp":"2025-10-04T08:01:22.622Z"}
{"level":"info","message":"Retrieved 37 catalogues","timestamp":"2025-10-04T08:04:28.712Z"}
{"level":"info","message":"Retrieved 0 contact submissions by user: 1f0a18b6-a0da-11f0-b1b4-f875a42d8cde","timestamp":"2025-10-04T08:04:48.567Z"}
{"level":"info","message":"User logged out","timestamp":"2025-10-04T08:08:53.141Z"}
{"level":"info","message":"Successful login for user: superadmin@example.com","timestamp":"2025-10-04T08:08:58.931Z"}
{"level":"info","message":"User logged out","timestamp":"2025-10-04T08:08:59.034Z"}
{"level":"error","message":"Unauthorized access: No additional error info","status":403,"timestamp":"2025-10-04T08:08:59.040Z"}
{"level":"info","message":"Successful login for user: superadmin@example.com","timestamp":"2025-10-04T08:09:04.176Z"}
{"level":"error","message":"Unauthorized access: No additional error info","status":403,"timestamp":"2025-10-04T08:09:04.227Z"}
{"level":"info","message":"Retrieved 0 contact submissions by user: 1f0a18b6-a0da-11f0-b1b4-f875a42d8cde","timestamp":"2025-10-04T08:09:06.775Z"}
{"level":"info","message":"Retrieved 2 users by user: 1f0a18b6-a0da-11f0-b1b4-f875a42d8cde","timestamp":"2025-10-04T08:09:10.145Z"}
{"level":"info","message":"Retrieved 3 roles by user: unknown","timestamp":"2025-10-04T08:39:49.591Z"}
{"level":"info","message":"Retrieved 0 contact submissions by user: 1f0a18b6-a0da-11f0-b1b4-f875a42d8cde","timestamp":"2025-10-04T09:01:40.273Z"}
{"level":"info","message":"Retrieved 37 catalogues","timestamp":"2025-10-04T09:01:41.068Z"}
{"level":"error","message":"Failed to retrieve categories: Category is not associated to Category!","stack":"SequelizeEagerLoadingError: Category is not associated to Category!\n    at Category._getIncludedAssociation (E:\\virgo\\backend\\node_modules\\sequelize\\lib\\model.js:565:13)\n    at Category._validateIncludedElement (E:\\virgo\\backend\\node_modules\\sequelize\\lib\\model.js:502:53)\n    at E:\\virgo\\backend\\node_modules\\sequelize\\lib\\model.js:421:37\n    at Array.map (<anonymous>)\n    at Category._validateIncludedElements (E:\\virgo\\backend\\node_modules\\sequelize\\lib\\model.js:417:39)\n    at Category.findAll (E:\\virgo\\backend\\node_modules\\sequelize\\lib\\model.js:1124:12)\n    at process.processTicksAndRejections (node:internal/process/task_queues:105:5)\n    at async exports.listCategories (E:\\virgo\\backend\\controllers\\categoryController.js:31:24)","status":500,"timestamp":"2025-10-04T09:33:32.659Z"}
{"level":"info","message":"User logged out","timestamp":"2025-10-04T09:33:32.722Z"}
{"level":"info","message":"Retrieved 5 parent categories","timestamp":"2025-10-04T09:33:32.748Z"}
{"level":"info","message":"Successful login for user: superadmin@example.com","timestamp":"2025-10-04T09:33:37.687Z"}
{"level":"info","message":"User logged out","timestamp":"2025-10-04T09:33:37.807Z"}
{"level":"error","message":"Unauthorized access: No additional error info","status":403,"timestamp":"2025-10-04T09:33:37.818Z"}
{"level":"info","message":"Successful login for user: superadmin@example.com","timestamp":"2025-10-04T09:33:42.205Z"}
{"level":"error","message":"Unauthorized access: No additional error info","status":403,"timestamp":"2025-10-04T09:33:42.266Z"}
{"level":"error","message":"Failed to retrieve categories: Category is not associated to Category!","stack":"SequelizeEagerLoadingError: Category is not associated to Category!\n    at Category._getIncludedAssociation (E:\\virgo\\backend\\node_modules\\sequelize\\lib\\model.js:565:13)\n    at Category._validateIncludedElement (E:\\virgo\\backend\\node_modules\\sequelize\\lib\\model.js:502:53)\n    at E:\\virgo\\backend\\node_modules\\sequelize\\lib\\model.js:421:37\n    at Array.map (<anonymous>)\n    at Category._validateIncludedElements (E:\\virgo\\backend\\node_modules\\sequelize\\lib\\model.js:417:39)\n    at Category.findAll (E:\\virgo\\backend\\node_modules\\sequelize\\lib\\model.js:1124:12)\n    at process.processTicksAndRejections (node:internal/process/task_queues:105:5)\n    at async exports.listCategories (E:\\virgo\\backend\\controllers\\categoryController.js:31:24)","status":500,"timestamp":"2025-10-04T09:33:44.803Z"}
{"level":"error","message":"Failed to retrieve categories: Category is not associated to Category!","stack":"SequelizeEagerLoadingError: Category is not associated to Category!\n    at Category._getIncludedAssociation (E:\\virgo\\backend\\node_modules\\sequelize\\lib\\model.js:565:13)\n    at Category._validateIncludedElement (E:\\virgo\\backend\\node_modules\\sequelize\\lib\\model.js:502:53)\n    at E:\\virgo\\backend\\node_modules\\sequelize\\lib\\model.js:421:37\n    at Array.map (<anonymous>)\n    at Category._validateIncludedElements (E:\\virgo\\backend\\node_modules\\sequelize\\lib\\model.js:417:39)\n    at Category.findAll (E:\\virgo\\backend\\node_modules\\sequelize\\lib\\model.js:1124:12)\n    at process.processTicksAndRejections (node:internal/process/task_queues:105:5)\n    at async exports.listCategories (E:\\virgo\\backend\\controllers\\categoryController.js:31:24)","status":500,"timestamp":"2025-10-04T09:36:35.280Z"}
{"level":"info","message":"Retrieved 0 contact submissions by user: 1f0a18b6-a0da-11f0-b1b4-f875a42d8cde","timestamp":"2025-10-04T09:37:35.389Z"}
{"level":"info","message":"Retrieved 37 catalogues","timestamp":"2025-10-04T09:37:37.359Z"}
{"level":"error","message":"Failed to retrieve categories: Category is not associated to Category!","stack":"SequelizeEagerLoadingError: Category is not associated to Category!\n    at Category._getIncludedAssociation (E:\\virgo\\backend\\node_modules\\sequelize\\lib\\model.js:565:13)\n    at Category._validateIncludedElement (E:\\virgo\\backend\\node_modules\\sequelize\\lib\\model.js:502:53)\n    at E:\\virgo\\backend\\node_modules\\sequelize\\lib\\model.js:421:37\n    at Array.map (<anonymous>)\n    at Category._validateIncludedElements (E:\\virgo\\backend\\node_modules\\sequelize\\lib\\model.js:417:39)\n    at Category.findAll (E:\\virgo\\backend\\node_modules\\sequelize\\lib\\model.js:1124:12)\n    at process.processTicksAndRejections (node:internal/process/task_queues:105:5)\n    at async exports.listCategories (E:\\virgo\\backend\\controllers\\categoryController.js:31:24)","status":500,"timestamp":"2025-10-04T09:37:58.448Z"}
{"level":"error","message":"Failed to retrieve categories: Category is not associated to Category!","stack":"SequelizeEagerLoadingError: Category is not associated to Category!\n    at Category._getIncludedAssociation (E:\\virgo\\backend\\node_modules\\sequelize\\lib\\model.js:565:13)\n    at Category._validateIncludedElement (E:\\virgo\\backend\\node_modules\\sequelize\\lib\\model.js:502:53)\n    at E:\\virgo\\backend\\node_modules\\sequelize\\lib\\model.js:421:37\n    at Array.map (<anonymous>)\n    at Category._validateIncludedElements (E:\\virgo\\backend\\node_modules\\sequelize\\lib\\model.js:417:39)\n    at Category.findAll (E:\\virgo\\backend\\node_modules\\sequelize\\lib\\model.js:1124:12)\n    at process.processTicksAndRejections (node:internal/process/task_queues:105:5)\n    at async exports.listCategories (E:\\virgo\\backend\\controllers\\categoryController.js:31:24)","status":500,"timestamp":"2025-10-04T09:38:11.588Z"}
{"level":"error","message":"Failed to retrieve categories: Category is not associated to Category!","stack":"SequelizeEagerLoadingError: Category is not associated to Category!\n    at Category._getIncludedAssociation (E:\\virgo\\backend\\node_modules\\sequelize\\lib\\model.js:565:13)\n    at Category._validateIncludedElement (E:\\virgo\\backend\\node_modules\\sequelize\\lib\\model.js:502:53)\n    at E:\\virgo\\backend\\node_modules\\sequelize\\lib\\model.js:421:37\n    at Array.map (<anonymous>)\n    at Category._validateIncludedElements (E:\\virgo\\backend\\node_modules\\sequelize\\lib\\model.js:417:39)\n    at Category.findAll (E:\\virgo\\backend\\node_modules\\sequelize\\lib\\model.js:1124:12)\n    at process.processTicksAndRejections (node:internal/process/task_queues:105:5)\n    at async exports.listCategories (E:\\virgo\\backend\\controllers\\categoryController.js:31:24)","status":500,"timestamp":"2025-10-04T10:59:16.307Z"}
{"level":"info","message":"Retrieved 5 parent categories","timestamp":"2025-10-04T10:59:16.453Z"}
{"level":"info","message":"Retrieved 37 catalogues","timestamp":"2025-10-06T04:17:24.789Z"}
{"level":"error","message":"Failed to retrieve categories: Category is not associated to Category!","stack":"SequelizeEagerLoadingError: Category is not associated to Category!\n    at Category._getIncludedAssociation (E:\\virgo\\backend\\node_modules\\sequelize\\lib\\model.js:565:13)\n    at Category._validateIncludedElement (E:\\virgo\\backend\\node_modules\\sequelize\\lib\\model.js:502:53)\n    at E:\\virgo\\backend\\node_modules\\sequelize\\lib\\model.js:421:37\n    at Array.map (<anonymous>)\n    at Category._validateIncludedElements (E:\\virgo\\backend\\node_modules\\sequelize\\lib\\model.js:417:39)\n    at Category.findAll (E:\\virgo\\backend\\node_modules\\sequelize\\lib\\model.js:1124:12)\n    at process.processTicksAndRejections (node:internal/process/task_queues:105:5)\n    at async exports.listCategories (E:\\virgo\\backend\\controllers\\categoryController.js:31:24)","status":500,"timestamp":"2025-10-06T04:17:28.768Z"}
{"level":"info","message":"Retrieved 5 parent categories","timestamp":"2025-10-06T04:17:28.812Z"}
{"level":"info","message":"User logged out","timestamp":"2025-10-06T04:17:46.609Z"}
{"level":"warn","message":"Login attempt with non-existent email: vermadhruv09112002@gmail.com","timestamp":"2025-10-06T04:17:53.353Z"}
{"level":"error","message":"Invalid credentials: No additional error info","status":401,"timestamp":"2025-10-06T04:17:53.354Z"}
{"level":"info","message":"Successful login for user: superadmin@example.com","timestamp":"2025-10-06T04:26:17.953Z"}
{"level":"error","message":"Unauthorized access: No additional error info","status":403,"timestamp":"2025-10-06T04:26:18.141Z"}
{"level":"info","message":"Retrieved 37 catalogues","timestamp":"2025-10-06T04:26:30.161Z"}
{"level":"info","message":"Retrieved 37 catalogues","timestamp":"2025-10-06T04:26:34.549Z"}
{"level":"error","message":"Unauthorized access: No additional error info","status":403,"timestamp":"2025-10-06T04:26:34.585Z"}
{"level":"info","message":"Retrieved 0 contact submissions by user: 1f0a18b6-a0da-11f0-b1b4-f875a42d8cde","timestamp":"2025-10-06T04:26:37.368Z"}
{"level":"error","message":"Failed to retrieve categories: Category is not associated to Category!","stack":"SequelizeEagerLoadingError: Category is not associated to Category!\n    at Category._getIncludedAssociation (E:\\virgo\\backend\\node_modules\\sequelize\\lib\\model.js:565:13)\n    at Category._validateIncludedElement (E:\\virgo\\backend\\node_modules\\sequelize\\lib\\model.js:502:53)\n    at E:\\virgo\\backend\\node_modules\\sequelize\\lib\\model.js:421:37\n    at Array.map (<anonymous>)\n    at Category._validateIncludedElements (E:\\virgo\\backend\\node_modules\\sequelize\\lib\\model.js:417:39)\n    at Category.findAll (E:\\virgo\\backend\\node_modules\\sequelize\\lib\\model.js:1124:12)\n    at process.processTicksAndRejections (node:internal/process/task_queues:105:5)\n    at async exports.listCategories (E:\\virgo\\backend\\controllers\\categoryController.js:31:24)","status":500,"timestamp":"2025-10-06T04:26:44.948Z"}
{"level":"info","message":"Retrieved 5 parent categories","timestamp":"2025-10-06T04:26:44.984Z"}
{"level":"info","message":"Retrieved 2 users by user: 1f0a18b6-a0da-11f0-b1b4-f875a42d8cde","timestamp":"2025-10-06T04:27:19.032Z"}
{"level":"info","message":"Retrieved 3 roles by user: unknown","timestamp":"2025-10-06T04:27:24.080Z"}
{"level":"error","message":"Unauthorized access: No additional error info","status":403,"timestamp":"2025-10-06T04:27:51.004Z"}
{"level":"info","message":"Retrieved 37 catalogues","timestamp":"2025-10-06T05:10:17.118Z"}
{"level":"error","message":"Failed to retrieve categories: Category is not associated to Category!","stack":"SequelizeEagerLoadingError: Category is not associated to Category!\n    at Category._getIncludedAssociation (E:\\virgo\\backend\\node_modules\\sequelize\\lib\\model.js:565:13)\n    at Category._validateIncludedElement (E:\\virgo\\backend\\node_modules\\sequelize\\lib\\model.js:502:53)\n    at E:\\virgo\\backend\\node_modules\\sequelize\\lib\\model.js:421:37\n    at Array.map (<anonymous>)\n    at Category._validateIncludedElements (E:\\virgo\\backend\\node_modules\\sequelize\\lib\\model.js:417:39)\n    at Category.findAll (E:\\virgo\\backend\\node_modules\\sequelize\\lib\\model.js:1124:12)\n    at process.processTicksAndRejections (node:internal/process/task_queues:105:5)\n    at async exports.listCategories (E:\\virgo\\backend\\controllers\\categoryController.js:31:24)","status":500,"timestamp":"2025-10-06T05:10:18.960Z"}
{"level":"info","message":"Retrieved 5 parent categories","timestamp":"2025-10-06T05:10:18.996Z"}
{"level":"info","message":"Retrieved 0 contact submissions by user: 1f0a18b6-a0da-11f0-b1b4-f875a42d8cde","timestamp":"2025-10-06T05:10:21.118Z"}
{"level":"info","message":"Retrieved 2 users by user: 1f0a18b6-a0da-11f0-b1b4-f875a42d8cde","timestamp":"2025-10-06T05:10:57.330Z"}
{"level":"error","message":"Unauthorized access: No additional error info","status":403,"timestamp":"2025-10-06T05:17:20.400Z"}
{"level":"error","message":"Unauthorized access: No additional error info","status":403,"timestamp":"2025-10-06T05:17:21.696Z"}
{"level":"error","message":"Unauthorized access: No additional error info","status":403,"timestamp":"2025-10-06T05:20:11.267Z"}
{"level":"error","message":"Unauthorized access: No additional error info","status":403,"timestamp":"2025-10-06T05:26:01.158Z"}
{"level":"info","message":"Retrieved 37 catalogues","timestamp":"2025-10-06T05:26:06.609Z"}
{"level":"error","message":"Failed to retrieve categories: Category is not associated to Category!","stack":"SequelizeEagerLoadingError: Category is not associated to Category!\n    at Category._getIncludedAssociation (E:\\virgo\\backend\\node_modules\\sequelize\\lib\\model.js:565:13)\n    at Category._validateIncludedElement (E:\\virgo\\backend\\node_modules\\sequelize\\lib\\model.js:502:53)\n    at E:\\virgo\\backend\\node_modules\\sequelize\\lib\\model.js:421:37\n    at Array.map (<anonymous>)\n    at Category._validateIncludedElements (E:\\virgo\\backend\\node_modules\\sequelize\\lib\\model.js:417:39)\n    at Category.findAll (E:\\virgo\\backend\\node_modules\\sequelize\\lib\\model.js:1124:12)\n    at process.processTicksAndRejections (node:internal/process/task_queues:105:5)\n    at async exports.listCategories (E:\\virgo\\backend\\controllers\\categoryController.js:31:24)","status":500,"timestamp":"2025-10-06T05:26:10.238Z"}
{"level":"info","message":"Retrieved 5 parent categories","timestamp":"2025-10-06T05:26:10.275Z"}
{"level":"error","message":"Failed to retrieve categories: Category is not associated to Category!","stack":"SequelizeEagerLoadingError: Category is not associated to Category!\n    at Category._getIncludedAssociation (E:\\virgo\\backend\\node_modules\\sequelize\\lib\\model.js:565:13)\n    at Category._validateIncludedElement (E:\\virgo\\backend\\node_modules\\sequelize\\lib\\model.js:502:53)\n    at E:\\virgo\\backend\\node_modules\\sequelize\\lib\\model.js:421:37\n    at Array.map (<anonymous>)\n    at Category._validateIncludedElements (E:\\virgo\\backend\\node_modules\\sequelize\\lib\\model.js:417:39)\n    at Category.findAll (E:\\virgo\\backend\\node_modules\\sequelize\\lib\\model.js:1124:12)\n    at process.processTicksAndRejections (node:internal/process/task_queues:105:5)\n    at async exports.listCategories (E:\\virgo\\backend\\controllers\\categoryController.js:31:24)","status":500,"timestamp":"2025-10-06T05:44:48.121Z"}
{"level":"info","message":"Retrieved 5 parent categories","timestamp":"2025-10-06T05:44:48.287Z"}
{"level":"info","message":"User logged out","timestamp":"2025-10-06T05:45:33.819Z"}
{"level":"info","message":"Successful login for user: superadmin@example.com","timestamp":"2025-10-06T05:45:39.922Z"}
{"level":"info","message":"User logged out","timestamp":"2025-10-06T05:45:40.092Z"}
{"level":"error","message":"Unauthorized access: No additional error info","status":403,"timestamp":"2025-10-06T05:45:40.166Z"}
{"level":"info","message":"Successful login for user: superadmin@example.com","timestamp":"2025-10-06T05:45:55.777Z"}
{"level":"error","message":"Unauthorized access: No additional error info","status":403,"timestamp":"2025-10-06T05:45:55.931Z"}
{"level":"error","message":"Unauthorized access: No additional error info","status":403,"timestamp":"2025-10-06T05:45:58.649Z"}
{"level":"error","message":"Unauthorized access: No additional error info","status":403,"timestamp":"2025-10-06T05:46:02.252Z"}
{"level":"info","message":"Retrieved 37 catalogues","timestamp":"2025-10-06T05:46:10.440Z"}
{"level":"error","message":"Failed to retrieve categories: Category is not associated to Category!","stack":"SequelizeEagerLoadingError: Category is not associated to Category!\n    at Category._getIncludedAssociation (E:\\virgo\\backend\\node_modules\\sequelize\\lib\\model.js:565:13)\n    at Category._validateIncludedElement (E:\\virgo\\backend\\node_modules\\sequelize\\lib\\model.js:502:53)\n    at E:\\virgo\\backend\\node_modules\\sequelize\\lib\\model.js:421:37\n    at Array.map (<anonymous>)\n    at Category._validateIncludedElements (E:\\virgo\\backend\\node_modules\\sequelize\\lib\\model.js:417:39)\n    at Category.findAll (E:\\virgo\\backend\\node_modules\\sequelize\\lib\\model.js:1124:12)\n    at process.processTicksAndRejections (node:internal/process/task_queues:105:5)\n    at async exports.listCategories (E:\\virgo\\backend\\controllers\\categoryController.js:31:24)","status":500,"timestamp":"2025-10-06T05:46:11.833Z"}
{"level":"info","message":"Retrieved 5 parent categories","timestamp":"2025-10-06T05:46:11.867Z"}
{"level":"info","message":"Retrieved 0 contact submissions by user: 1f0a18b6-a0da-11f0-b1b4-f875a42d8cde","timestamp":"2025-10-06T05:46:13.542Z"}
{"level":"error","message":"Unauthorized access: No additional error info","status":403,"timestamp":"2025-10-06T05:46:27.497Z"}
{"level":"error","message":"Unauthorized access: No additional error info","status":403,"timestamp":"2025-10-06T05:46:30.691Z"}
{"level":"error","message":"Unauthorized access: No additional error info","status":403,"timestamp":"2025-10-06T05:46:33.815Z"}
{"level":"info","message":"Retrieved 37 catalogues","timestamp":"2025-10-06T05:48:17.936Z"}
{"level":"error","message":"Failed to retrieve categories: Category is not associated to Category!","stack":"SequelizeEagerLoadingError: Category is not associated to Category!\n    at Category._getIncludedAssociation (E:\\virgo\\backend\\node_modules\\sequelize\\lib\\model.js:565:13)\n    at Category._validateIncludedElement (E:\\virgo\\backend\\node_modules\\sequelize\\lib\\model.js:502:53)\n    at E:\\virgo\\backend\\node_modules\\sequelize\\lib\\model.js:421:37\n    at Array.map (<anonymous>)\n    at Category._validateIncludedElements (E:\\virgo\\backend\\node_modules\\sequelize\\lib\\model.js:417:39)\n    at Category.findAll (E:\\virgo\\backend\\node_modules\\sequelize\\lib\\model.js:1124:12)\n    at process.processTicksAndRejections (node:internal/process/task_queues:105:5)\n    at async exports.listCategories (E:\\virgo\\backend\\controllers\\categoryController.js:31:24)","status":500,"timestamp":"2025-10-06T05:48:23.122Z"}
{"level":"info","message":"Retrieved 5 parent categories","timestamp":"2025-10-06T05:48:23.155Z"}
{"level":"error","message":"Failed to retrieve dealers: Address is not associated to Dealer!","stack":"SequelizeEagerLoadingError: Address is not associated to Dealer!\n    at Dealer._getIncludedAssociation (E:\\virgo\\backend\\node_modules\\sequelize\\lib\\model.js:565:13)\n    at Dealer._validateIncludedElement (E:\\virgo\\backend\\node_modules\\sequelize\\lib\\model.js:502:53)\n    at E:\\virgo\\backend\\node_modules\\sequelize\\lib\\model.js:421:37\n    at Array.map (<anonymous>)\n    at Dealer._validateIncludedElements (E:\\virgo\\backend\\node_modules\\sequelize\\lib\\model.js:417:39)\n    at Dealer.findAll (E:\\virgo\\backend\\node_modules\\sequelize\\lib\\model.js:1124:12)\n    at process.processTicksAndRejections (node:internal/process/task_queues:105:5)\n    at async exports.listDealers (E:\\virgo\\backend\\controllers\\dealerController.js:47:21)","status":500,"timestamp":"2025-10-06T06:37:17.369Z"}
{"level":"error","message":"Unauthorized access: No additional error info","status":403,"timestamp":"2025-10-06T06:37:17.679Z"}
{"level":"error","message":"Unauthorized access: No additional error info","status":403,"timestamp":"2025-10-06T06:37:39.842Z"}
{"level":"error","message":"Failed to retrieve dealers: Address is not associated to Dealer!","stack":"SequelizeEagerLoadingError: Address is not associated to Dealer!\n    at Dealer._getIncludedAssociation (E:\\virgo\\backend\\node_modules\\sequelize\\lib\\model.js:565:13)\n    at Dealer._validateIncludedElement (E:\\virgo\\backend\\node_modules\\sequelize\\lib\\model.js:502:53)\n    at E:\\virgo\\backend\\node_modules\\sequelize\\lib\\model.js:421:37\n    at Array.map (<anonymous>)\n    at Dealer._validateIncludedElements (E:\\virgo\\backend\\node_modules\\sequelize\\lib\\model.js:417:39)\n    at Dealer.findAll (E:\\virgo\\backend\\node_modules\\sequelize\\lib\\model.js:1124:12)\n    at process.processTicksAndRejections (node:internal/process/task_queues:105:5)\n    at async exports.listDealers (E:\\virgo\\backend\\controllers\\dealerController.js:47:21)","status":500,"timestamp":"2025-10-06T06:37:41.243Z"}
{"level":"error","message":"Unauthorized access: No additional error info","status":403,"timestamp":"2025-10-06T06:37:41.297Z"}
{"level":"error","message":"Failed to retrieve dealers: Address is not associated to Dealer!","stack":"SequelizeEagerLoadingError: Address is not associated to Dealer!\n    at Dealer._getIncludedAssociation (E:\\virgo\\backend\\node_modules\\sequelize\\lib\\model.js:565:13)\n    at Dealer._validateIncludedElement (E:\\virgo\\backend\\node_modules\\sequelize\\lib\\model.js:502:53)\n    at E:\\virgo\\backend\\node_modules\\sequelize\\lib\\model.js:421:37\n    at Array.map (<anonymous>)\n    at Dealer._validateIncludedElements (E:\\virgo\\backend\\node_modules\\sequelize\\lib\\model.js:417:39)\n    at Dealer.findAll (E:\\virgo\\backend\\node_modules\\sequelize\\lib\\model.js:1124:12)\n    at process.processTicksAndRejections (node:internal/process/task_queues:105:5)\n    at async exports.listDealers (E:\\virgo\\backend\\controllers\\dealerController.js:47:21)","status":500,"timestamp":"2025-10-06T06:38:41.328Z"}
{"level":"error","message":"Unauthorized access: No additional error info","status":403,"timestamp":"2025-10-06T06:39:35.469Z"}
{"level":"error","message":"Invalid store ID format: No additional error info","status":400,"timestamp":"2025-10-06T06:40:35.841Z"}
{"level":"error","message":"Failed to retrieve stores: Dealer is associated to Store using an alias. You must use the 'as' keyword to specify the alias within your include statement.","stack":"SequelizeEagerLoadingError: Dealer is associated to Store using an alias. You must use the 'as' keyword to specify the alias within your include statement.\n    at Store._getIncludedAssociation (E:\\virgo\\backend\\node_modules\\sequelize\\lib\\model.js:576:13)\n    at Store._validateIncludedElement (E:\\virgo\\backend\\node_modules\\sequelize\\lib\\model.js:502:53)\n    at E:\\virgo\\backend\\node_modules\\sequelize\\lib\\model.js:421:37\n    at Array.map (<anonymous>)\n    at Store._validateIncludedElements (E:\\virgo\\backend\\node_modules\\sequelize\\lib\\model.js:417:39)\n    at Store.findAll (E:\\virgo\\backend\\node_modules\\sequelize\\lib\\model.js:1124:12)\n    at process.processTicksAndRejections (node:internal/process/task_queues:105:5)\n    at async exports.listStores (E:\\virgo\\backend\\controllers\\storeController.js:34:20)","status":500,"timestamp":"2025-10-06T06:40:40.912Z"}
{"level":"error","message":"Failed to retrieve dealers: Address is not associated to Dealer!","stack":"SequelizeEagerLoadingError: Address is not associated to Dealer!\n    at Dealer._getIncludedAssociation (E:\\virgo\\backend\\node_modules\\sequelize\\lib\\model.js:565:13)\n    at Dealer._validateIncludedElement (E:\\virgo\\backend\\node_modules\\sequelize\\lib\\model.js:502:53)\n    at E:\\virgo\\backend\\node_modules\\sequelize\\lib\\model.js:421:37\n    at Array.map (<anonymous>)\n    at Dealer._validateIncludedElements (E:\\virgo\\backend\\node_modules\\sequelize\\lib\\model.js:417:39)\n    at Dealer.findAll (E:\\virgo\\backend\\node_modules\\sequelize\\lib\\model.js:1124:12)\n    at process.processTicksAndRejections (node:internal/process/task_queues:105:5)\n    at async exports.listDealers (E:\\virgo\\backend\\controllers\\dealerController.js:47:21)","status":500,"timestamp":"2025-10-06T06:41:19.571Z"}
{"level":"info","message":"Retrieved 372 dealers","timestamp":"2025-10-06T06:46:33.507Z"}
{"level":"error","message":"Failed to retrieve stores: Dealer is associated to Store using an alias. You must use the 'as' keyword to specify the alias within your include statement.","stack":"SequelizeEagerLoadingError: Dealer is associated to Store using an alias. You must use the 'as' keyword to specify the alias within your include statement.\n    at Store._getIncludedAssociation (E:\\virgo\\backend\\node_modules\\sequelize\\lib\\model.js:576:13)\n    at Store._validateIncludedElement (E:\\virgo\\backend\\node_modules\\sequelize\\lib\\model.js:502:53)\n    at E:\\virgo\\backend\\node_modules\\sequelize\\lib\\model.js:421:37\n    at Array.map (<anonymous>)\n    at Store._validateIncludedElements (E:\\virgo\\backend\\node_modules\\sequelize\\lib\\model.js:417:39)\n    at Store.findAll (E:\\virgo\\backend\\node_modules\\sequelize\\lib\\model.js:1124:12)\n    at process.processTicksAndRejections (node:internal/process/task_queues:105:5)\n    at async exports.listStores (E:\\virgo\\backend\\controllers\\storeController.js:34:20)","status":500,"timestamp":"2025-10-06T06:47:33.027Z"}
{"level":"error","message":"Failed to retrieve stores: Dealer is associated to Store using an alias. You must use the 'as' keyword to specify the alias within your include statement.","stack":"SequelizeEagerLoadingError: Dealer is associated to Store using an alias. You must use the 'as' keyword to specify the alias within your include statement.\n    at Store._getIncludedAssociation (E:\\virgo\\backend\\node_modules\\sequelize\\lib\\model.js:576:13)\n    at Store._validateIncludedElement (E:\\virgo\\backend\\node_modules\\sequelize\\lib\\model.js:502:53)\n    at E:\\virgo\\backend\\node_modules\\sequelize\\lib\\model.js:421:37\n    at Array.map (<anonymous>)\n    at Store._validateIncludedElements (E:\\virgo\\backend\\node_modules\\sequelize\\lib\\model.js:417:39)\n    at Store.findAll (E:\\virgo\\backend\\node_modules\\sequelize\\lib\\model.js:1124:12)\n    at process.processTicksAndRejections (node:internal/process/task_queues:105:5)\n    at async exports.listStores (E:\\virgo\\backend\\controllers\\storeController.js:34:20)","status":500,"timestamp":"2025-10-06T06:47:35.019Z"}
{"level":"info","message":"Retrieved 372 stores","timestamp":"2025-10-06T06:49:18.568Z"}
{"level":"error","message":"Failed to retrieve dealers: Address is associated to Dealer using an alias. You must use the 'as' keyword to specify the alias within your include statement.","stack":"SequelizeEagerLoadingError: Address is associated to Dealer using an alias. You must use the 'as' keyword to specify the alias within your include statement.\n    at Dealer._getIncludedAssociation (E:\\virgo\\backend\\node_modules\\sequelize\\lib\\model.js:576:13)\n    at Dealer._validateIncludedElement (E:\\virgo\\backend\\node_modules\\sequelize\\lib\\model.js:502:53)\n    at E:\\virgo\\backend\\node_modules\\sequelize\\lib\\model.js:421:37\n    at Array.map (<anonymous>)\n    at Dealer._validateIncludedElements (E:\\virgo\\backend\\node_modules\\sequelize\\lib\\model.js:417:39)\n    at Dealer.findAll (E:\\virgo\\backend\\node_modules\\sequelize\\lib\\model.js:1124:12)\n    at process.processTicksAndRejections (node:internal/process/task_queues:105:5)\n    at async exports.listDealers (E:\\virgo\\backend\\controllers\\dealerController.js:47:21)","status":500,"timestamp":"2025-10-06T06:49:29.313Z"}
{"level":"info","message":"User logged out","timestamp":"2025-10-06T06:49:29.670Z"}
{"level":"info","message":"Successful login for user: superadmin@example.com","timestamp":"2025-10-06T06:49:34.862Z"}
{"level":"info","message":"User logged out","timestamp":"2025-10-06T06:49:35.125Z"}
{"level":"error","message":"Unauthorized access: No additional error info","status":403,"timestamp":"2025-10-06T06:49:35.211Z"}
{"level":"info","message":"Successful login for user: superadmin@example.com","timestamp":"2025-10-06T06:49:39.030Z"}
{"level":"error","message":"Unauthorized access: No additional error info","status":403,"timestamp":"2025-10-06T06:49:39.444Z"}
{"level":"error","message":"Unauthorized access: No additional error info","status":403,"timestamp":"2025-10-06T06:49:42.297Z"}
{"level":"error","message":"Unauthorized access: No additional error info","status":403,"timestamp":"2025-10-06T06:49:46.971Z"}
{"level":"error","message":"Failed to retrieve dealers: Address is associated to Dealer using an alias. You must use the 'as' keyword to specify the alias within your include statement.","stack":"SequelizeEagerLoadingError: Address is associated to Dealer using an alias. You must use the 'as' keyword to specify the alias within your include statement.\n    at Dealer._getIncludedAssociation (E:\\virgo\\backend\\node_modules\\sequelize\\lib\\model.js:576:13)\n    at Dealer._validateIncludedElement (E:\\virgo\\backend\\node_modules\\sequelize\\lib\\model.js:502:53)\n    at E:\\virgo\\backend\\node_modules\\sequelize\\lib\\model.js:421:37\n    at Array.map (<anonymous>)\n    at Dealer._validateIncludedElements (E:\\virgo\\backend\\node_modules\\sequelize\\lib\\model.js:417:39)\n    at Dealer.findAll (E:\\virgo\\backend\\node_modules\\sequelize\\lib\\model.js:1124:12)\n    at process.processTicksAndRejections (node:internal/process/task_queues:105:5)\n    at async exports.listDealers (E:\\virgo\\backend\\controllers\\dealerController.js:47:21)","status":500,"timestamp":"2025-10-06T06:49:49.433Z"}
{"level":"error","message":"Failed to retrieve dealers: Address is associated to Dealer using an alias. You must use the 'as' keyword to specify the alias within your include statement.","stack":"SequelizeEagerLoadingError: Address is associated to Dealer using an alias. You must use the 'as' keyword to specify the alias within your include statement.\n    at Dealer._getIncludedAssociation (E:\\virgo\\backend\\node_modules\\sequelize\\lib\\model.js:576:13)\n    at Dealer._validateIncludedElement (E:\\virgo\\backend\\node_modules\\sequelize\\lib\\model.js:502:53)\n    at E:\\virgo\\backend\\node_modules\\sequelize\\lib\\model.js:421:37\n    at Array.map (<anonymous>)\n    at Dealer._validateIncludedElements (E:\\virgo\\backend\\node_modules\\sequelize\\lib\\model.js:417:39)\n    at Dealer.findAll (E:\\virgo\\backend\\node_modules\\sequelize\\lib\\model.js:1124:12)\n    at process.processTicksAndRejections (node:internal/process/task_queues:105:5)\n    at async exports.listDealers (E:\\virgo\\backend\\controllers\\dealerController.js:47:21)","status":500,"timestamp":"2025-10-06T06:50:00.901Z"}
{"level":"error","message":"Failed to retrieve dealers: Address is associated to Dealer using an alias. You must use the 'as' keyword to specify the alias within your include statement.","stack":"SequelizeEagerLoadingError: Address is associated to Dealer using an alias. You must use the 'as' keyword to specify the alias within your include statement.\n    at Dealer._getIncludedAssociation (E:\\virgo\\backend\\node_modules\\sequelize\\lib\\model.js:576:13)\n    at Dealer._validateIncludedElement (E:\\virgo\\backend\\node_modules\\sequelize\\lib\\model.js:502:53)\n    at E:\\virgo\\backend\\node_modules\\sequelize\\lib\\model.js:421:37\n    at Array.map (<anonymous>)\n    at Dealer._validateIncludedElements (E:\\virgo\\backend\\node_modules\\sequelize\\lib\\model.js:417:39)\n    at Dealer.findAll (E:\\virgo\\backend\\node_modules\\sequelize\\lib\\model.js:1124:12)\n    at process.processTicksAndRejections (node:internal/process/task_queues:105:5)\n    at async exports.listDealers (E:\\virgo\\backend\\controllers\\dealerController.js:47:21)","status":500,"timestamp":"2025-10-06T06:50:01.467Z"}
{"level":"error","message":"Invalid store ID format: No additional error info","status":400,"timestamp":"2025-10-06T06:52:02.914Z"}
{"level":"info","message":"Retrieved 372 dealers","timestamp":"2025-10-06T06:52:05.775Z"}
{"level":"info","message":"Retrieved 372 dealers","timestamp":"2025-10-06T06:54:01.418Z"}
{"level":"info","message":"Retrieved 372 dealers","timestamp":"2025-10-06T06:54:10.181Z"}
{"level":"error","message":"Unauthorized access: No additional error info","status":403,"timestamp":"2025-10-06T06:54:10.241Z"}
{"level":"info","message":"Retrieved 2 users by user: 1f0a18b6-a0da-11f0-b1b4-f875a42d8cde","timestamp":"2025-10-06T06:57:53.074Z"}
{"level":"error","message":"Unauthorized access: No additional error info","status":403,"timestamp":"2025-10-06T07:01:21.797Z"}
{"level":"error","message":"Unauthorized access: No additional error info","status":403,"timestamp":"2025-10-06T07:01:22.922Z"}
{"level":"error","message":"Unauthorized access: No additional error info","status":403,"timestamp":"2025-10-06T07:01:49.097Z"}
{"level":"info","message":"Retrieved 372 dealers","timestamp":"2025-10-06T07:01:54.148Z"}
{"level":"info","message":"Retrieved 0 contact submissions by user: 1f0a18b6-a0da-11f0-b1b4-f875a42d8cde","timestamp":"2025-10-06T07:02:28.496Z"}
{"level":"error","message":"Failed to retrieve categories: Category is not associated to Category!","stack":"SequelizeEagerLoadingError: Category is not associated to Category!\n    at Category._getIncludedAssociation (E:\\virgo\\backend\\node_modules\\sequelize\\lib\\model.js:565:13)\n    at Category._validateIncludedElement (E:\\virgo\\backend\\node_modules\\sequelize\\lib\\model.js:502:53)\n    at E:\\virgo\\backend\\node_modules\\sequelize\\lib\\model.js:421:37\n    at Array.map (<anonymous>)\n    at Category._validateIncludedElements (E:\\virgo\\backend\\node_modules\\sequelize\\lib\\model.js:417:39)\n    at Category.findAll (E:\\virgo\\backend\\node_modules\\sequelize\\lib\\model.js:1124:12)\n    at process.processTicksAndRejections (node:internal/process/task_queues:105:5)\n    at async exports.listCategories (E:\\virgo\\backend\\controllers\\categoryController.js:31:24)","status":500,"timestamp":"2025-10-06T07:02:30.015Z"}
{"level":"info","message":"Retrieved 5 parent categories","timestamp":"2025-10-06T07:02:30.048Z"}
{"level":"info","message":"Retrieved 37 catalogues","timestamp":"2025-10-06T07:02:31.896Z"}
{"level":"info","message":"Retrieved 2 users by user: 1f0a18b6-a0da-11f0-b1b4-f875a42d8cde","timestamp":"2025-10-06T07:02:50.389Z"}
{"level":"info","message":"Retrieved 3 roles by user: unknown","timestamp":"2025-10-06T07:02:51.109Z"}
{"level":"info","message":"Retrieved 3 roles by user: unknown","timestamp":"2025-10-06T07:04:01.417Z"}
{"level":"error","message":"Unauthorized access: No additional error info","status":403,"timestamp":"2025-10-06T07:04:26.883Z"}
{"level":"info","message":"Retrieved 37 catalogues","timestamp":"2025-10-06T07:07:00.153Z"}
{"level":"error","message":"Failed to retrieve categories: Category is not associated to Category!","stack":"SequelizeEagerLoadingError: Category is not associated to Category!\n    at Category._getIncludedAssociation (E:\\virgo\\backend\\node_modules\\sequelize\\lib\\model.js:565:13)\n    at Category._validateIncludedElement (E:\\virgo\\backend\\node_modules\\sequelize\\lib\\model.js:502:53)\n    at E:\\virgo\\backend\\node_modules\\sequelize\\lib\\model.js:421:37\n    at Array.map (<anonymous>)\n    at Category._validateIncludedElements (E:\\virgo\\backend\\node_modules\\sequelize\\lib\\model.js:417:39)\n    at Category.findAll (E:\\virgo\\backend\\node_modules\\sequelize\\lib\\model.js:1124:12)\n    at process.processTicksAndRejections (node:internal/process/task_queues:105:5)\n    at async exports.listCategories (E:\\virgo\\backend\\controllers\\categoryController.js:31:24)","status":500,"timestamp":"2025-10-06T07:07:01.870Z"}
{"level":"info","message":"Retrieved 5 parent categories","timestamp":"2025-10-06T07:07:01.910Z"}
{"level":"error","message":"Failed to retrieve categories: Category is not associated to Category!","stack":"SequelizeEagerLoadingError: Category is not associated to Category!\n    at Category._getIncludedAssociation (E:\\virgo\\backend\\node_modules\\sequelize\\lib\\model.js:565:13)\n    at Category._validateIncludedElement (E:\\virgo\\backend\\node_modules\\sequelize\\lib\\model.js:502:53)\n    at E:\\virgo\\backend\\node_modules\\sequelize\\lib\\model.js:421:37\n    at Array.map (<anonymous>)\n    at Category._validateIncludedElements (E:\\virgo\\backend\\node_modules\\sequelize\\lib\\model.js:417:39)\n    at Category.findAll (E:\\virgo\\backend\\node_modules\\sequelize\\lib\\model.js:1124:12)\n    at process.processTicksAndRejections (node:internal/process/task_queues:105:5)\n    at async exports.listCategories (E:\\virgo\\backend\\controllers\\categoryController.js:31:24)","status":500,"timestamp":"2025-10-06T07:07:10.014Z"}
{"level":"info","message":"Retrieved 5 parent categories","timestamp":"2025-10-06T07:07:10.042Z"}
{"level":"error","message":"Unauthorized access: No additional error info","status":403,"timestamp":"2025-10-06T07:07:10.081Z"}
{"level":"info","message":"Retrieved 0 contact submissions by user: 1f0a18b6-a0da-11f0-b1b4-f875a42d8cde","timestamp":"2025-10-06T07:07:12.516Z"}
{"level":"info","message":"Retrieved 372 dealers","timestamp":"2025-10-06T07:07:24.250Z"}
{"level":"info","message":"Retrieved 2 users by user: 1f0a18b6-a0da-11f0-b1b4-f875a42d8cde","timestamp":"2025-10-06T07:07:28.858Z"}
{"level":"info","message":"Retrieved 3 roles by user: unknown","timestamp":"2025-10-06T07:07:30.804Z"}
{"level":"error","message":"Unauthorized access: No additional error info","status":403,"timestamp":"2025-10-06T07:08:09.895Z"}
{"level":"info","message":"Retrieved 37 catalogues","timestamp":"2025-10-06T07:09:48.738Z"}
{"level":"error","message":"Failed to retrieve categories: Category is not associated to Category!","stack":"SequelizeEagerLoadingError: Category is not associated to Category!\n    at Category._getIncludedAssociation (E:\\virgo\\backend\\node_modules\\sequelize\\lib\\model.js:565:13)\n    at Category._validateIncludedElement (E:\\virgo\\backend\\node_modules\\sequelize\\lib\\model.js:502:53)\n    at E:\\virgo\\backend\\node_modules\\sequelize\\lib\\model.js:421:37\n    at Array.map (<anonymous>)\n    at Category._validateIncludedElements (E:\\virgo\\backend\\node_modules\\sequelize\\lib\\model.js:417:39)\n    at Category.findAll (E:\\virgo\\backend\\node_modules\\sequelize\\lib\\model.js:1124:12)\n    at process.processTicksAndRejections (node:internal/process/task_queues:105:5)\n    at async exports.listCategories (E:\\virgo\\backend\\controllers\\categoryController.js:31:24)","status":500,"timestamp":"2025-10-06T07:09:49.937Z"}
{"level":"info","message":"Retrieved 5 parent categories","timestamp":"2025-10-06T07:09:49.997Z"}
{"level":"info","message":"Retrieved 0 contact submissions by user: 1f0a18b6-a0da-11f0-b1b4-f875a42d8cde","timestamp":"2025-10-06T07:09:51.131Z"}
{"level":"error","message":"Unauthorized access: No additional error info","status":403,"timestamp":"2025-10-06T07:09:59.879Z"}
{"level":"info","message":"Retrieved 37 catalogues","timestamp":"2025-10-06T07:13:56.543Z"}
{"level":"error","message":"Failed to retrieve categories: Category is not associated to Category!","stack":"SequelizeEagerLoadingError: Category is not associated to Category!\n    at Category._getIncludedAssociation (E:\\virgo\\backend\\node_modules\\sequelize\\lib\\model.js:565:13)\n    at Category._validateIncludedElement (E:\\virgo\\backend\\node_modules\\sequelize\\lib\\model.js:502:53)\n    at E:\\virgo\\backend\\node_modules\\sequelize\\lib\\model.js:421:37\n    at Array.map (<anonymous>)\n    at Category._validateIncludedElements (E:\\virgo\\backend\\node_modules\\sequelize\\lib\\model.js:417:39)\n    at Category.findAll (E:\\virgo\\backend\\node_modules\\sequelize\\lib\\model.js:1124:12)\n    at process.processTicksAndRejections (node:internal/process/task_queues:105:5)\n    at async exports.listCategories (E:\\virgo\\backend\\controllers\\categoryController.js:31:24)","status":500,"timestamp":"2025-10-06T07:14:06.541Z"}
{"level":"info","message":"Retrieved 5 parent categories","timestamp":"2025-10-06T07:14:06.572Z"}
{"level":"info","message":"Retrieved 0 contact submissions by user: 1f0a18b6-a0da-11f0-b1b4-f875a42d8cde","timestamp":"2025-10-06T07:14:07.285Z"}
{"level":"error","message":"Unauthorized access: No additional error info","status":403,"timestamp":"2025-10-06T07:14:17.656Z"}
{"level":"info","message":"Retrieved 5 parent categories","timestamp":"2025-10-06T07:17:23.919Z"}
{"level":"info","message":"Retrieved 0 categories","timestamp":"2025-10-06T07:17:23.928Z"}
{"level":"info","message":"Retrieved 37 catalogues","timestamp":"2025-10-06T07:32:28.929Z"}
{"level":"info","message":"Retrieved 0 contact submissions by user: 1f0a18b6-a0da-11f0-b1b4-f875a42d8cde","timestamp":"2025-10-06T07:32:31.380Z"}
{"level":"info","message":"Retrieved 372 dealers","timestamp":"2025-10-06T07:32:52.093Z"}
{"level":"info","message":"Retrieved 0 contact submissions by user: 1f0a18b6-a0da-11f0-b1b4-f875a42d8cde","timestamp":"2025-10-06T07:39:12.727Z"}
{"level":"info","message":"Retrieved 5 parent categories","timestamp":"2025-10-06T07:39:17.599Z"}
{"level":"info","message":"Retrieved 0 categories","timestamp":"2025-10-06T07:39:17.636Z"}
{"level":"error","message":"Unauthorized access: No additional error info","status":403,"timestamp":"2025-10-06T07:40:53.973Z"}
{"level":"info","message":"Retrieved 372 dealers","timestamp":"2025-10-06T07:40:59.266Z"}
{"level":"info","message":"Retrieved 2 users by user: 1f0a18b6-a0da-11f0-b1b4-f875a42d8cde","timestamp":"2025-10-06T07:41:03.800Z"}
{"level":"info","message":"Retrieved 3 roles by user: unknown","timestamp":"2025-10-06T07:41:06.080Z"}
{"level":"error","message":"Unauthorized access: No additional error info","status":403,"timestamp":"2025-10-06T07:42:51.031Z"}
{"level":"info","message":"Retrieved 5 parent categories","timestamp":"2025-10-06T07:42:54.807Z"}
{"level":"info","message":"Retrieved 0 categories","timestamp":"2025-10-06T07:42:54.841Z"}
{"level":"info","message":"Retrieved 5 parent categories","timestamp":"2025-10-06T07:44:09.403Z"}
{"level":"info","message":"Retrieved 0 categories","timestamp":"2025-10-06T07:44:09.405Z"}
{"level":"info","message":"Retrieved 0 blogs","timestamp":"2025-10-06T07:50:30.277Z"}
{"level":"info","message":"Retrieved 0 blogs","timestamp":"2025-10-06T07:50:39.253Z"}
{"level":"info","message":"User logged out","timestamp":"2025-10-06T07:50:39.262Z"}
{"level":"info","message":"Successful login for user: superadmin@example.com","timestamp":"2025-10-06T07:50:46.762Z"}
{"level":"info","message":"User logged out","timestamp":"2025-10-06T07:50:46.885Z"}
{"level":"error","message":"Unauthorized access: No additional error info","status":403,"timestamp":"2025-10-06T07:50:46.926Z"}
{"level":"info","message":"Successful login for user: superadmin@example.com","timestamp":"2025-10-06T07:50:50.080Z"}
{"level":"error","message":"Unauthorized access: No additional error info","status":403,"timestamp":"2025-10-06T07:50:50.257Z"}
{"level":"error","message":"Unauthorized access: No additional error info","status":403,"timestamp":"2025-10-06T07:50:58.366Z"}
{"level":"info","message":"Retrieved 0 blogs","timestamp":"2025-10-06T07:51:01.342Z"}
{"level":"error","message":"Invalid blog ID format: No additional error info","status":400,"timestamp":"2025-10-06T07:52:49.439Z"}
{"level":"error","message":"Invalid blog ID format: No additional error info","status":400,"timestamp":"2025-10-06T07:52:53.253Z"}
{"level":"error","message":"Invalid blog ID format: No additional error info","status":400,"timestamp":"2025-10-06T07:52:58.384Z"}
{"level":"info","message":"Retrieved 0 contact submissions by user: 1f0a18b6-a0da-11f0-b1b4-f875a42d8cde","timestamp":"2025-10-06T07:54:58.155Z"}
{"level":"info","message":"Retrieved 0 content items","timestamp":"2025-10-06T07:58:15.951Z"}
{"level":"error","message":"Unauthorized access: No additional error info","status":403,"timestamp":"2025-10-06T07:58:15.969Z"}
{"level":"info","message":"Retrieved 0 content items","timestamp":"2025-10-06T07:58:16.165Z"}
{"level":"error","message":"Unauthorized access: No additional error info","status":403,"timestamp":"2025-10-06T07:58:16.168Z"}
{"level":"info","message":"Retrieved 0 content items","timestamp":"2025-10-06T07:58:43.758Z"}
{"level":"error","message":"Unauthorized access: No additional error info","status":403,"timestamp":"2025-10-06T07:58:43.761Z"}
{"level":"info","message":"Retrieved 0 content items","timestamp":"2025-10-06T08:00:43.643Z"}
{"level":"error","message":"Unauthorized access: No additional error info","status":403,"timestamp":"2025-10-06T08:00:43.648Z"}
{"level":"info","message":"Retrieved 0 content items","timestamp":"2025-10-06T08:00:43.799Z"}
{"level":"error","message":"Unauthorized access: No additional error info","status":403,"timestamp":"2025-10-06T08:00:43.805Z"}
{"level":"info","message":"Retrieved 372 dealers","timestamp":"2025-10-06T08:29:23.195Z"}
{"level":"info","message":"Retrieved 372 dealers","timestamp":"2025-10-06T08:32:18.662Z"}
